C:\Users\Steve\OneDrive - Missouri State University\Advanced Internet Programming\logindemo\src\main\java\edu\missouristate\config\SecurityConfig.java
C:\Users\Steve\OneDrive - Missouri State University\Advanced Internet Programming\logindemo\src\main\java\edu\missouristate\controller\IndexController.java
C:\Users\Steve\OneDrive - Missouri State University\Advanced Internet Programming\logindemo\src\main\java\edu\missouristate\domain\Role.java
C:\Users\Steve\OneDrive - Missouri State University\Advanced Internet Programming\logindemo\src\main\java\edu\missouristate\domain\User.java
C:\Users\Steve\OneDrive - Missouri State University\Advanced Internet Programming\logindemo\src\main\java\edu\missouristate\LogindemoApplication.java
C:\Users\Steve\OneDrive - Missouri State University\Advanced Internet Programming\logindemo\src\main\java\edu\missouristate\repository\UserRepository.java
C:\Users\Steve\OneDrive - Missouri State University\Advanced Internet Programming\logindemo\src\main\java\edu\missouristate\service\CustomUserDetailsService.java
C:\Users\Steve\OneDrive - Missouri State University\Advanced Internet Programming\logindemo\src\main\java\edu\missouristate\ServletInitializer.java
